  Determining projects to restore...
  All projects are up-to-date for restore.
C:\Program Files\dotnet\sdk\10.0.100-rc.2.25502.107\Sdks\Microsoft.NET.Sdk\targets\Microsoft.NET.RuntimeIdentifierInference.targets(351,5): message NETSDK1057: You are using a preview version of .NET. See: https://aka.ms/dotnet-support-policy [d:\Development\agentsmd\tests\Linxmd.Tests\Linxmd.Tests.csproj]
C:\Program Files\dotnet\sdk\10.0.100-rc.2.25502.107\Sdks\Microsoft.NET.Sdk\targets\Microsoft.NET.RuntimeIdentifierInference.targets(351,5): message NETSDK1057: You are using a preview version of .NET. See: https://aka.ms/dotnet-support-policy [d:\Development\agentsmd\src\Linxmd\Linxmd.csproj]
  Linxmd -> d:\Development\agentsmd\src\Linxmd\bin\Debug\net10.0\win-x64\linxmd.dll
  Linxmd.Tests -> d:\Development\agentsmd\tests\Linxmd.Tests\bin\Debug\net10.0\Linxmd.Tests.dll
Test run for d:\Development\agentsmd\tests\Linxmd.Tests\bin\Debug\net10.0\Linxmd.Tests.dll (.NETCoreApp,Version=v10.0)
VSTest version 18.0.0-preview-25502-107 (x64)

Starting test execution, please wait...
A total of 1 test files matched the specified pattern.
